// Jest Snapshot v1, https://goo.gl/fbAQLP

exports[`stringifyBlob should create a text blob with json and meta values 1`] = `"{\\"json\\":{\\"array\\":[\\"true\\",\\"2020-01-01T07:00:00.000Z\\",\\"12345\\",\\"string\\",{\\"array\\":[\\"true\\",\\"123\\",\\"arr\\",\\"null\\",\\"undefined\\"],\\"bool\\":\\"false\\",\\"date\\":\\"2020-01-01T07:00:00.000Z\\",\\"num\\":\\"123\\",\\"str\\":\\"str\\"}],\\"boolean\\":\\"true\\",\\"date\\":\\"2020-01-01T07:00:00.000Z\\",\\"number\\":\\"12345\\",\\"object\\":{\\"a\\":\\"a\\",\\"b\\":\\"1\\",\\"c\\":\\"null\\",\\"d\\":\\"true\\",\\"e\\":[],\\"f\\":\\"undefined\\"},\\"string\\":\\"string\\"},\\"meta\\":{\\"array\\":[\\"boolean\\",\\"date\\",\\"number\\",\\"string\\",{\\"array\\":[\\"boolean\\",\\"number\\",\\"string\\",\\"null\\",\\"undefined\\"],\\"bool\\":\\"boolean\\",\\"date\\":\\"date\\",\\"num\\":\\"number\\",\\"str\\":\\"string\\"}],\\"boolean\\":\\"boolean\\",\\"date\\":\\"date\\",\\"number\\":\\"number\\",\\"object\\":{\\"a\\":\\"string\\",\\"b\\":\\"number\\",\\"c\\":\\"null\\",\\"d\\":\\"boolean\\",\\"e\\":[],\\"f\\":\\"undefined\\"},\\"string\\":\\"string\\"}}"`;
